[   0.0s] run 20261008T092115Z-desktop (desktop) → devnet/e2e-out/20261008T092115Z-desktop
[   0.0s] == servers
[  12.9s] primary server up on http://127.0.0.1:18090
[  24.9s] backup server up on http://127.0.0.1:18091
[  33.6s] == identities and deposits
[  34.1s]   balances before any action: 7 addresses, all 0
[  46.1s]   balances after deposits: 7 addresses, all 0
[  46.1s] == a create proposal (Neuron proposer)
[  52.9s] == b coordinator admission
[  59.9s] == c owner A grants K1 (Neuron)
[  66.8s] == d wait for OPEN
[ 365.4s] == e K1 delegate YES for A
[ 372.3s] == f B votes NO then YES (MetaMask owner)
[ 385.9s] == g A GRANT+CANCEL to K2, K2 votes NO
[ 400.0s] == h A direct CANCEL (Neuron)
[ 407.3s]   balances after the votes: 7 addresses, all 0
[ 407.5s] == i failover to the backup relay
[ 408.0s]   stopping the primary server before the submission
[ 408.0s] primary server stopped
[ 416.5s] primary server up on http://127.0.0.1:18090
[ 416.8s] == j owners and keys hold no ordinary capacity
[ 417.3s]   balances after failover: 7 addresses, all 0
[ 417.4s] == k wait for AUDITABLE
[ 857.1s] == l committee attestation (2 of 3)
[ 864.1s] == m evidence bundle verified by Rust and TypeScript
[ 871.8s] == n final statuses
[ 872.3s]   balances at the end: 7 addresses, all 0
[ 872.5s] primary server stopped
[ 872.5s] backup server stopped
